// Jest Snapshot v1, https://goo.gl/fbAQLP

exports[`require-external-programs package.json has scripts.install 1`] = `"node ./install"`;
